// Jest Snapshot v1, https://goo.gl/fbAQLP

exports[`LoginPage should render LoginPage correctly 1`] = `
<Login
  fetching={false}
  history={
    Object {
      "push": [MockFunction],
    }
  }
  isLoggedIn={false}
  logInUser={[MockFunction]}
>
  <div
    className="wrapper auth"
  >
    <section
      className="container"
    >
      <h2>
        Access Your Account
      </h2>
      <form
        onSubmit={[Function]}
      >
        <input
          name="email"
          onChange={[Function]}
          placeholder="Your Email Address"
          required={true}
          type="email"
          value=""
        />
        <input
          name="password"
          onChange={[Function]}
          placeholder="Your Password"
          required={true}
          type="password"
          value=""
        />
        <input
          className="btn-primary"
          name="submit"
          type="submit"
          value="Log In"
        />
      </form>
      <div>
        <p>
          No account yet?
           
          <Link
            replace={false}
            to="/signup"
          >
            <a
              href="/signup"
              onClick={[Function]}
            >
              Sign Up
            </a>
          </Link>
        </p>
      </div>
    </section>
  </div>
</Login>
`;
